// Jest Snapshot v1, https://goo.gl/fbAQLP

exports[`Content test 快照 1`] = `
<div>
  <div>
    header
  </div>
  hello word
  <div>
    null
  </div>
  <div>
    null
  </div>
  <button>
    click
  </button>
</div>
`;
